// Jest Snapshot v1, https://goo.gl/fbAQLP

exports[`Heading should match a snapshot 1`] = `
.c0 {
  display: block;
  font-weight: 500;
  font-size: 1.8rem;
  -webkit-letter-spacing: 0.015rem;
  -moz-letter-spacing: 0.015rem;
  -ms-letter-spacing: 0.015rem;
  letter-spacing: 0.015rem;
  line-height: 1.3;
}

@media only screen and (min-width:768px) {
  .c0 {
    font-size: 2.4rem;
  }
}

<div>
  <h1
    class="c0"
  >
    hello
  </h1>
</div>
`;
